    <h1 id="firstHeading" class="firstHeading">std::bad_expected_access</h1>            <table class="t-dcl-begin"> <tr class="t-dsc-header"> <th> Defined in header <code><a href="../../header/expected.html" title="cpp/header/expected">&lt;expected&gt;</a></code> </th> <th> </th> <th> </th> </tr> <tr class="t-dcl t-since-cxx23"> <td> <pre data-language="cpp">template&lt; class E &gt;
class bad_expected_access : public std::bad_expected_access&lt;void&gt;</pre>
</td> <td> (1) </td> <td> <span class="t-mark-rev t-since-cxx23">(since C++23)</span> </td> </tr> <tr class="t-dcl t-since-cxx23"> <td> <pre data-language="cpp">template&lt;&gt;
class bad_expected_access&lt;void&gt; : public std::exception</pre>
</td> <td> (2) </td> <td> <span class="t-mark-rev t-since-cxx23">(since C++23)</span> </td> </tr>  </table> <div class="t-li1">
<span class="t-li">1)</span> Defines a type of object to be thrown by <a href="value.html" title="cpp/utility/expected/value"><code>std::expected::value</code></a> when accessing an expected object that contains an unexpected value. <code>bad_expected_access&lt;E&gt;</code> stores a copy of the unexpected value.</div> <div class="t-li1">
<span class="t-li">2)</span> <code>bad_expected_access&lt;void&gt;</code> is the base class of all other <code>bad_expected_access</code> specializations.</div>   <h3 id="Members_of_the_primary_template"> Members of the primary template</h3> <table class="t-dsc-begin"> <tr class="t-dsc"> <td> <div><strong class="selflink"> <span class="t-lines"><span>(constructor)</span></span></strong></div> </td> <td> constructs a <code>bad_expected_access</code> object <br> <span class="t-mark">(public member function)</span> </td>
</tr> <tr class="t-dsc"> <td> <div><span class="t-lines"><span>error</span></span></div> </td> <td> returns the stored value <br> <span class="t-mark">(public member function)</span> </td>
</tr> <tr class="t-dsc"> <td> <div><span class="t-lines"><span>what</span></span></div> </td> <td> returns the explanatory string <br> <span class="t-mark">(public member function)</span> </td>
</tr> </table> <div class="t-member"> <h2 id="std::bad_expected_access::bad_expected_access"> std::bad_expected_access::bad_expected_access</h2> <table class="t-dcl-begin"> <tr class="t-dcl"> <td class="t-dcl-nopad"> <pre data-language="cpp">explicit bad_expected_access( E e );</pre>
</td> <td class="t-dcl-nopad"> </td> <td class="t-dcl-nopad"> </td> </tr>  </table> <p>Constructs a new <code>bad_expected_access&lt;E&gt;</code> object. Initializes the stored value with <code>std::move(e)</code>.</p>
</div> <div class="t-member"> <h2 id="std::bad_expected_access::error"> std::bad_expected_access::error</h2> <table class="t-dcl-begin"> <tr class="t-dcl"> <td class="t-dcl-nopad"> <pre data-language="cpp">const E&amp; error() const &amp; noexcept;
E&amp; error() &amp; noexcept;
const E&amp;&amp; error() const &amp;&amp; noexcept;
E&amp;&amp; error() &amp;&amp; noexcept;</pre>
</td> <td class="t-dcl-nopad"> </td> <td class="t-dcl-nopad"> </td> </tr>  </table> <p>Returns a reference to the stored value.</p>
</div> <div class="t-member"> <h2 id="std::bad_expected_access::what">  std::bad_expected_access::what </h2> <table class="t-dcl-begin"> <tr class="t-dcl"> <td class="t-dcl-nopad"> <pre data-language="cpp">const char* what() const noexcept override;</pre>
</td> <td class="t-dcl-nopad"> </td> <td class="t-dcl-nopad"> </td> </tr>  </table> <p>Returns the explanatory string.</p>
<h3 id="Parameters"> Parameters</h3> <p>(none)</p>
<h3 id="Return_value"> Return value</h3> <p>Pointer to a null-terminated string with explanatory information. The string is suitable for conversion and display as a <code><a href="../../string/basic_string.html" title="cpp/string/basic string">std::wstring</a></code>. The pointer is guaranteed to be valid at least until the exception object from which it is obtained is destroyed, or until a non-const member function (e.g. copy assignment operator) on the exception object is called.</p>
<h3 id="Notes"> Notes</h3> <p>Implementations are allowed but not required to override <code>what()</code>.</p>
</div> <h3 id="Members_of_the_bad_expected_access.3Cvoid.3E_specialization"> Members of the <code>bad_expected_access&lt;void&gt;</code> specialization</h3> <table class="t-dsc-begin"> <tr class="t-dsc"> <td> <div><span class="t-lines"><span>(constructor)</span></span></div> </td> <td> constructs a <code>bad_expected_access&lt;void&gt;</code> object <br> <span class="t-mark">(protected member function)</span> </td>
</tr> <tr class="t-dsc"> <td> <div><span class="t-lines"><span>(destructor)</span></span></div> </td> <td> destroys the <code>bad_expected_access&lt;void&gt;</code> object <br> <span class="t-mark">(protected member function)</span> </td>
</tr> <tr class="t-dsc"> <td> <div><span class="t-lines"><span>operator=</span></span></div> </td> <td> replaces the <code>bad_expected_access&lt;void&gt;</code> object <br> <span class="t-mark">(protected member function)</span> </td>
</tr> <tr class="t-dsc"> <td> <div><span class="t-lines"><span>what</span></span></div> </td> <td> returns the explanatory string <br> <span class="t-mark">(public member function)</span> </td>
</tr> </table> <p>Special member functions of <code>bad_expected_access&lt;void&gt;</code> are protected. They can only be called by derived classes.</p>
<h3 id="Example"> Example</h3>            <div class="_attribution">
  <p class="_attribution-p">
    &copy; cppreference.com<br>Licensed under the Creative Commons Attribution-ShareAlike Unported License v3.0.<br>
    <a href="https://en.cppreference.com/w/cpp/utility/expected/bad_expected_access" class="_attribution-link">https://en.cppreference.com/w/cpp/utility/expected/bad_expected_access</a>
  </p>
</div>
