    <h1 id="firstHeading" class="firstHeading">std::expected&lt;T,E&gt;::emplace</h1>            <table class="t-dcl-begin"> <tr class="t-dcl-h"> <td> T is not <i>cv</i> void</td> <td></td> <td></td> </tr> <tr class="t-dcl t-since-cxx23"> <td> <pre data-language="cpp">template&lt; class... Args &gt;
constexpr T&amp; emplace( Args&amp;&amp;... args ) noexcept;</pre>
</td> <td> (1) </td> <td> <span class="t-mark-rev t-since-cxx23">(since C++23)</span> </td> </tr> <tr class="t-dcl t-since-cxx23"> <td> <pre data-language="cpp">template&lt; class U, class... Args &gt;
constexpr T&amp; emplace( std::initializer_list&lt;U&gt;&amp; il, Args&amp;&amp;... args ) noexcept;</pre>
</td> <td> (2) </td> <td> <span class="t-mark-rev t-since-cxx23">(since C++23)</span> </td> </tr> <tr class="t-dcl-h"> <td> T is <i>cv</i> void</td> <td></td> <td></td> </tr> <tr class="t-dcl t-since-cxx23"> <td> <pre data-language="cpp">constexpr void emplace() noexcept;</pre>
</td> <td> (3) </td> <td> <span class="t-mark-rev t-since-cxx23">(since C++23)</span> </td> </tr>  </table> <p>Constructs an expected value in-place. After the call, <a href="operator_bool.html" title="cpp/utility/expected/operator bool"><code>has_value()</code></a> returns true.</p>
<div class="t-li1">
<span class="t-li">1)</span> Destroys the contained value, then initializes the expected value contained in <code>*this</code> as if by <a href="../../language/direct_initialization.html" title="cpp/language/direct initialization">direct-initializing</a> an object of type <code>T</code> from the arguments <code><a href="http://en.cppreference.com/w/cpp/utility/forward"><span class="kw1120">std::<span class="me2">forward</span></span></a><span class="sy1">&lt;</span>Args<span class="sy1">&gt;</span><span class="br0">(</span>args<span class="br0">)</span>...</code>. This overload participates in overload resolution only if <code><a href="http://en.cppreference.com/w/cpp/types/is_constructible"><span class="kw532">std::<span class="me2">is_nothrow_constructible_v</span></span></a><span class="sy1">&lt;</span>T, Args...<span class="sy1">&gt;</span></code> is true.</div> <div class="t-li1">
<span class="t-li">2)</span> Destroys the contained value, then initializes the expected value contained in <code>*this</code> as if by <a href="../../language/direct_initialization.html" title="cpp/language/direct initialization">direct-initializing</a> an object of type <code>T</code> from the arguments <code>il, <a href="http://en.cppreference.com/w/cpp/utility/forward"><span class="kw1120">std::<span class="me2">forward</span></span></a><span class="sy1">&lt;</span>Args<span class="sy1">&gt;</span><span class="br0">(</span>args<span class="br0">)</span>...</code>. This overload participates in overload resolution only if <code><a href="http://en.cppreference.com/w/cpp/types/is_constructible"><span class="kw532">std::<span class="me2">is_nothrow_constructible_v</span></span></a><span class="sy1">&lt;</span>T, <a href="http://en.cppreference.com/w/cpp/utility/initializer_list"><span class="kw962">std::<span class="me2">initializer_list</span></span></a><span class="sy1">&lt;</span>U<span class="sy1">&gt;</span><span class="sy3">&amp;</span>, Args...<span class="sy1">&gt;</span></code> is true.</div> <div class="t-li1">
<span class="t-li">3)</span> If <code>*this</code> contains an unexpected value, destroys that value.</div>  <h3 id="Parameters"> Parameters</h3> <table class="t-par-begin"> <tr class="t-par"> <td> args... </td> <td> - </td> <td> the arguments to pass to the constructor </td>
</tr> <tr class="t-par"> <td> il </td> <td> - </td> <td> the initializer list to pass to the constructor </td>
</tr>
</table> <h3 id="Return_value"> Return value</h3> <p>A reference to the new contained value.</p>
<h3 id="Exceptions"> Exceptions</h3> <div class="t-noexcept-inline">
<a href="../../language/noexcept_spec.html" title="cpp/language/noexcept spec"><code>noexcept</code></a> specification: <div class="t-noexcept-box"><span class="t-cc"><code>noexcept</code></span></div> </div> <h3 id="Notes"> Notes</h3> <p>If the construction of <code>T</code> is potentially-throwing, this function is not defined. In this case, it is the responsibility of the user to create a temporary and move or copy it.</p>
<h3 id="Example"> Example</h3>  <h3 id="See_also"> See also</h3> <table class="t-dsc-begin"> <tr class="t-dsc"> <td> <div><a href="operator=.html" title="cpp/utility/expected/operator="> <span class="t-lines"><span>operator=</span></span></a></div> </td> <td> assigns contents <br> <span class="t-mark">(public member function)</span>  </td>
</tr> </table>           <div class="_attribution">
  <p class="_attribution-p">
    &copy; cppreference.com<br>Licensed under the Creative Commons Attribution-ShareAlike Unported License v3.0.<br>
    <a href="https://en.cppreference.com/w/cpp/utility/expected/emplace" class="_attribution-link">https://en.cppreference.com/w/cpp/utility/expected/emplace</a>
  </p>
</div>
