    <h1 id="firstHeading" class="firstHeading">std::expected&lt;T,E&gt;::error</h1>            <table class="t-dcl-begin"> <tr class="t-dcl t-since-cxx23"> <td> <pre data-language="cpp">constexpr const E&amp; error() const&amp; noexcept;</pre>
</td> <td> (1) </td> <td> <span class="t-mark-rev t-since-cxx23">(since C++23)</span> </td> </tr> <tr class="t-dcl t-since-cxx23"> <td> <pre data-language="cpp">constexpr E&amp; error() &amp; noexcept;</pre>
</td> <td> (2) </td> <td> <span class="t-mark-rev t-since-cxx23">(since C++23)</span> </td> </tr> <tr class="t-dcl t-since-cxx23"> <td> <pre data-language="cpp">constexpr const E&amp;&amp; error() const&amp;&amp; noexcept;</pre>
</td> <td> (3) </td> <td> <span class="t-mark-rev t-since-cxx23">(since C++23)</span> </td> </tr> <tr class="t-dcl t-since-cxx23"> <td> <pre data-language="cpp">constexpr E&amp;&amp; error() &amp;&amp; noexcept;</pre>
</td> <td> (4) </td> <td> <span class="t-mark-rev t-since-cxx23">(since C++23)</span> </td> </tr>  </table> <p>Accesses the unexpected value contained in <code>*this</code>.</p>
<p>The behavior is undefined if <a href="operator_bool.html" title="cpp/utility/expected/operator bool"><code>this-&gt;has_value()</code></a> is <code>true</code>.</p>
<h3 id="Parameters"> Parameters</h3> <p>(none)</p>
<h3 id="Return_value"> Return value</h3> <p>Reference to the unexpected value contained in <code>*this</code>.</p>
<h3 id="Example"> Example</h3>  <h3 id="See_also"> See also</h3> <table class="t-dsc-begin"> <tr class="t-dsc"> <td> <div><a href="operator*.html" title="cpp/utility/expected/operator*"> <span class="t-lines"><span>operator-&gt;</span><span>operator*</span></span></a></div> </td> <td> accesses the expected value <br> <span class="t-mark">(public member function)</span>  </td>
</tr> <tr class="t-dsc"> <td> <div><a href="value.html" title="cpp/utility/expected/value"> <span class="t-lines"><span>value</span></span></a></div> </td> <td> returns the expected value <br> <span class="t-mark">(public member function)</span>  </td>
</tr> <tr class="t-dsc"> <td> <div><a href="operator_bool.html" title="cpp/utility/expected/operator bool"> <span class="t-lines"><span>operator bool</span><span>has_value</span></span></a></div> </td> <td> checks whether the object contains an expected value <br> <span class="t-mark">(public member function)</span>  </td>
</tr> </table>           <div class="_attribution">
  <p class="_attribution-p">
    &copy; cppreference.com<br>Licensed under the Creative Commons Attribution-ShareAlike Unported License v3.0.<br>
    <a href="https://en.cppreference.com/w/cpp/utility/expected/error" class="_attribution-link">https://en.cppreference.com/w/cpp/utility/expected/error</a>
  </p>
</div>
