    <h1 id="firstHeading" class="firstHeading">std::expected&lt;T,E&gt;::expected</h1>            <table class="t-dcl-begin"> <tr class="t-dcl t-since-cxx23"> <td> <pre data-language="cpp">constexpr expected() noexcept(/* see below */);</pre>
</td> <td> (1) </td> <td> <span class="t-mark-rev t-since-cxx23">(since C++23)</span> </td> </tr> <tr class="t-dcl t-since-cxx23"> <td> <pre data-language="cpp">constexpr expected( const expected&amp; other );</pre>
</td> <td> (2) </td> <td> <span class="t-mark-rev t-since-cxx23">(since C++23)</span> </td> </tr> <tr class="t-dcl t-since-cxx23"> <td> <pre data-language="cpp">constexpr expected( expected&amp;&amp; other ) noexcept(/* see below */);</pre>
</td> <td> (3) </td> <td> <span class="t-mark-rev t-since-cxx23">(since C++23)</span> </td> </tr> <tr class="t-dcl t-since-cxx23"> <td> <pre data-language="cpp">template&lt; class U, class G &gt;
constexpr explicit(/* see below */) expected( const expected&lt;U, G&gt;&amp; other );</pre>
</td> <td> (4) </td> <td> <span class="t-mark-rev t-since-cxx23">(since C++23)</span> </td> </tr> <tr class="t-dcl t-since-cxx23"> <td> <pre data-language="cpp">template&lt; class U, class G &gt;
constexpr explicit(/* see below */) expected( expected&lt;U, G&gt;&amp;&amp; other );</pre>
</td> <td> (5) </td> <td> <span class="t-mark-rev t-since-cxx23">(since C++23)</span> </td> </tr> <tr class="t-dcl t-since-cxx23"> <td> <pre data-language="cpp">template&lt; class U = T &gt;
constexpr explicit(!std::is_convertible_v&lt;U, T&gt;) expected( U&amp;&amp; v );</pre>
</td> <td> (6) </td> <td> <span class="t-mark-rev t-since-cxx23">(since C++23)</span> <br><span class="t-mark">(T is not <i>cv</i> void)</span> </td> </tr> <tr class="t-dcl t-since-cxx23"> <td> <pre data-language="cpp">template&lt; class G &gt;
constexpr explicit(!std::is_convertible_v&lt;const G&amp;, E&gt;)
    expected( const std::unexpected&lt;G&gt;&amp; e );</pre>
</td> <td> (7) </td> <td> <span class="t-mark-rev t-since-cxx23">(since C++23)</span> </td> </tr> <tr class="t-dcl t-since-cxx23"> <td> <pre data-language="cpp">template&lt; class G &gt;
constexpr explicit(!std::is_convertible_v&lt;G, E&gt;)
    expected( std::unexpected&lt;G&gt;&amp;&amp; e );</pre>
</td> <td> (8) </td> <td> <span class="t-mark-rev t-since-cxx23">(since C++23)</span> </td> </tr> <tr class="t-dcl t-since-cxx23"> <td> <pre data-language="cpp">template&lt; class... Args &gt;
constexpr explicit expected( std::in_place_t, Args&amp;&amp;... args );</pre>
</td> <td> (9) </td> <td> <span class="t-mark-rev t-since-cxx23">(since C++23)</span> <br><span class="t-mark">(T is not <i>cv</i> void)</span> </td> </tr> <tr class="t-dcl t-since-cxx23"> <td> <pre data-language="cpp">template&lt; class U, class... Args &gt;
constexpr explicit expected( std::in_place_t,
                             std::initializer_list&lt;U&gt; il, Args&amp;&amp;... args );</pre>
</td> <td> (10) </td> <td> <span class="t-mark-rev t-since-cxx23">(since C++23)</span> <br><span class="t-mark">(T is not <i>cv</i> void)</span> </td> </tr> <tr class="t-dcl t-since-cxx23"> <td> <pre data-language="cpp">template&lt; class... Args &gt;
constexpr explicit expected( std::in_place_t ) noexcept;</pre>
</td> <td> (11) </td> <td> <span class="t-mark-rev t-since-cxx23">(since C++23)</span> <br><span class="t-mark">(T is <i>cv</i> void)</span> </td> </tr> <tr class="t-dcl t-since-cxx23"> <td> <pre data-language="cpp">template&lt; class... Args &gt;
constexpr explicit expected( std::unexpect_t, Args&amp;&amp;... args );</pre>
</td> <td> (12) </td> <td> <span class="t-mark-rev t-since-cxx23">(since C++23)</span> </td> </tr> <tr class="t-dcl t-since-cxx23"> <td> <pre data-language="cpp">template&lt; class U, class... Args &gt;
constexpr explicit expected( std::unexpect_t,
                             std::initializer_list&lt;U&gt; il, Args&amp;&amp;... args );</pre>
</td> <td> (13) </td> <td> <span class="t-mark-rev t-since-cxx23">(since C++23)</span> </td> </tr>  </table> <p>Constructs a new <code>expected</code> object.</p>
<span class="t-li">1)</span> Default constructor. If <code>T</code> is not (possibly cv-qualified) <span class="kw4">void</span>, constructs an object that contains an expected value, which is <a href="../../language/value_initialization.html" title="cpp/language/value initialization">value-initialized</a>. <p>After construction, <a href="operator_bool.html" title="cpp/utility/expected/operator bool"><code>has_value()</code></a> returns <code>true</code>.</p>
<ul><li> This overload participates in overload resolution only if <code>T</code> is (possibly cv-qualified) <span class="kw4">void</span> or <code><a href="http://en.cppreference.com/w/cpp/types/is_default_constructible"><span class="kw534">std::<span class="me2">is_default_constructible_v</span></span></a><span class="sy1">&lt;</span>T<span class="sy1">&gt;</span></code> is <code>true</code>.</li></ul> <span class="t-li">2)</span> Copy constructor. If <code>other.has_value()</code> is <code>false</code>, the new object contains an unexpected value, which is <a href="../../language/direct_initialization.html" title="cpp/language/direct initialization">direct-initialized</a> from <code>other.error()</code>. Otherwise, if <code>T</code> is not (possibly cv-qualified) <span class="kw4">void</span>, the new object contains an expected value, which is <a href="../../language/direct_initialization.html" title="cpp/language/direct initialization">direct-initialized</a> from <code>*other</code>. <p>After construction, <a href="operator_bool.html" title="cpp/utility/expected/operator bool"><code>has_value()</code></a> is equal to <code>other.has_value()</code>.</p>
<ul>
<li> This constructor is defined as deleted unless <ul>
<li> either <code>T</code> is (possibly cv-qualified) <span class="kw4">void</span>, or <code><a href="http://en.cppreference.com/w/cpp/types/is_copy_constructible"><span class="kw540">std::<span class="me2">is_copy_constructible_v</span></span></a><span class="sy1">&lt;</span>T<span class="sy1">&gt;</span></code> is <code>true</code>, and </li>
<li> <code><a href="http://en.cppreference.com/w/cpp/types/is_copy_constructible"><span class="kw540">std::<span class="me2">is_copy_constructible_v</span></span></a><span class="sy1">&lt;</span>E<span class="sy1">&gt;</span></code> is <code>true</code>. </li>
</ul> </li>
<li> This constructor is trivial if <ul>
<li> either <code>T</code> is (possibly cv-qualified) <span class="kw4">void</span>, or <code><a href="http://en.cppreference.com/w/cpp/types/is_copy_constructible"><span class="kw542">std::<span class="me2">is_trivially_copy_constructible_v</span></span></a><span class="sy1">&lt;</span>T<span class="sy1">&gt;</span></code> is <code>true</code>, and </li>
<li> <code><a href="http://en.cppreference.com/w/cpp/types/is_copy_constructible"><span class="kw542">std::<span class="me2">is_trivially_copy_constructible_v</span></span></a><span class="sy1">&lt;</span>E<span class="sy1">&gt;</span></code> is <code>true</code>.</li>
</ul>
</li>
</ul> <span class="t-li">3)</span> Move constructor. If <code>other.has_value()</code> is <code>false</code>, the new object contains an unexpected value, which is <a href="../../language/direct_initialization.html" title="cpp/language/direct initialization">direct-initialized</a> from <code>std::move(other.error())</code>. Otherwise, if <code>T</code> is not (possibly cv-qualified) <span class="kw4">void</span>, the new object contains an expected value, which is <a href="../../language/direct_initialization.html" title="cpp/language/direct initialization">direct-initialized</a> from <code>std::move(*other)</code>. <p>After construction, <a href="operator_bool.html" title="cpp/utility/expected/operator bool"><code>has_value()</code></a> is equal to <code>other.has_value()</code>.</p>
<ul>
<li> This constructor participates in overload resolution only if <ul>
<li> either <code>T</code> is (possibly cv-qualified) <span class="kw4">void</span>, or <code><a href="http://en.cppreference.com/w/cpp/types/is_move_constructible"><span class="kw546">std::<span class="me2">is_move_constructible_v</span></span></a><span class="sy1">&lt;</span>T<span class="sy1">&gt;</span></code> is <code>true</code>, and </li>
<li> <code><a href="http://en.cppreference.com/w/cpp/types/is_move_constructible"><span class="kw546">std::<span class="me2">is_move_constructible_v</span></span></a><span class="sy1">&lt;</span>E<span class="sy1">&gt;</span></code> is <code>true</code>. </li>
</ul> </li>
<li> This constructor is trivial if <ul>
<li> <code><a href="http://en.cppreference.com/w/cpp/types/is_move_constructible"><span class="kw548">std::<span class="me2">is_trivially_move_constructible_v</span></span></a><span class="sy1">&lt;</span>T<span class="sy1">&gt;</span></code> is <code>true</code>, and </li>
<li> <code><a href="http://en.cppreference.com/w/cpp/types/is_move_constructible"><span class="kw548">std::<span class="me2">is_trivially_move_constructible_v</span></span></a><span class="sy1">&lt;</span>E<span class="sy1">&gt;</span></code> is <code>true</code>.</li>
</ul>
</li>
</ul> <span class="t-li">4,5)</span> Let <ul>
<li> <code>UF</code> be <a href="http://en.cppreference.com/w/cpp/types/add_reference"><span class="kw612">std::<span class="me2">add_lvalue_reference_t</span></span></a><span class="sy1">&lt;</span><span class="kw4">const</span> U<span class="sy1">&gt;</span> for <span class="t-v">(4)</span> and <code>U</code> for <span class="t-v">(5)</span>, and </li>
<li> <code>GF</code> be <span class="kw4">const</span> G<span class="sy3">&amp;</span> for <span class="t-v">(4)</span> and <code>G</code> for <span class="t-v">(5)</span>. </li>
</ul> <p>If <code>other.has_value()</code> is <code>false</code>, the new object contains an unexpected value, which is <a href="../../language/direct_initialization.html" title="cpp/language/direct initialization">direct-initialized</a> from <code><a href="http://en.cppreference.com/w/cpp/utility/forward"><span class="kw1120">std::<span class="me2">forward</span></span></a><span class="sy1">&lt;</span>GF<span class="sy1">&gt;</span><span class="br0">(</span>other.<span class="me1">error</span><span class="br0">(</span><span class="br0">)</span><span class="br0">)</span></code>. Otherwise, if <code>T</code> is not (possibly cv-qualified) <span class="kw4">void</span>, the new object contains an expected value, which is <a href="../../language/direct_initialization.html" title="cpp/language/direct initialization">direct-initialized</a> from <code><a href="http://en.cppreference.com/w/cpp/utility/forward"><span class="kw1120">std::<span class="me2">forward</span></span></a><span class="sy1">&lt;</span>UF<span class="sy1">&gt;</span><span class="br0">(</span><span class="sy2">*</span>other<span class="br0">)</span></code>. After construction, <a href="operator_bool.html" title="cpp/utility/expected/operator bool"><code>has_value()</code></a> is equal to <code>other.has_value()</code>.</p>
<ul>
<li> Each of these constructors does not participate in overload resolution unless the following conditions are met respectively: <ul>
<li> Either <ul>
<li> <code>T</code> is (possibly cv-qualified) <span class="kw4">void</span>, and <code><a href="http://en.cppreference.com/w/cpp/types/is_void"><span class="kw458">std::<span class="me2">is_void_v</span></span></a><span class="sy1">&lt;</span>U<span class="sy1">&gt;</span></code> is <code>true</code>, or </li>
<li> <code><a href="http://en.cppreference.com/w/cpp/types/is_constructible"><span class="kw528">std::<span class="me2">is_constructible_v</span></span></a><span class="sy1">&lt;</span>T, UF<span class="sy1">&gt;</span></code> is <code>true</code>. </li>
</ul> </li>
<li> <code><a href="http://en.cppreference.com/w/cpp/types/is_constructible"><span class="kw528">std::<span class="me2">is_constructible_v</span></span></a><span class="sy1">&lt;</span>E, GF<span class="sy1">&gt;</span></code> is <code>true</code>. </li>
<li> If <code>T</code> is not (possibly cv-qualified <span class="kw4">bool</span>), <code>T</code> is not constructible or convertible from any expression of type (possibly <span class="kw4">const</span>) <a href="http://en.cppreference.com/w/cpp/utility/expected"><span class="kw3536">std::<span class="me2">expected</span></span></a><span class="sy1">&lt;</span>U, G<span class="sy1">&gt;</span>, i.e., the following 8 values are all <code>false</code>: <ul>
<li> <code><a href="http://en.cppreference.com/w/cpp/types/is_constructible"><span class="kw528">std::<span class="me2">is_constructible_v</span></span></a><span class="sy1">&lt;</span>T, <a href="http://en.cppreference.com/w/cpp/utility/expected"><span class="kw3536">std::<span class="me2">expected</span></span></a><span class="sy1">&lt;</span>U, G<span class="sy1">&gt;</span><span class="sy3">&amp;</span></code> </li>
<li> <code><a href="http://en.cppreference.com/w/cpp/types/is_constructible"><span class="kw528">std::<span class="me2">is_constructible_v</span></span></a><span class="sy1">&lt;</span>T, <a href="http://en.cppreference.com/w/cpp/utility/expected"><span class="kw3536">std::<span class="me2">expected</span></span></a><span class="sy1">&lt;</span>U, G<span class="sy1">&gt;</span></code> </li>
<li> <code><a href="http://en.cppreference.com/w/cpp/types/is_constructible"><span class="kw528">std::<span class="me2">is_constructible_v</span></span></a><span class="sy1">&lt;</span>T, <span class="kw4">const</span> <a href="http://en.cppreference.com/w/cpp/utility/expected"><span class="kw3536">std::<span class="me2">expected</span></span></a><span class="sy1">&lt;</span>U, G<span class="sy1">&gt;</span><span class="sy3">&amp;</span></code> </li>
<li> <code><a href="http://en.cppreference.com/w/cpp/types/is_constructible"><span class="kw528">std::<span class="me2">is_constructible_v</span></span></a><span class="sy1">&lt;</span>T, <span class="kw4">const</span> <a href="http://en.cppreference.com/w/cpp/utility/expected"><span class="kw3536">std::<span class="me2">expected</span></span></a><span class="sy1">&lt;</span>U, G<span class="sy1">&gt;</span></code> </li>
<li> <code><a href="http://en.cppreference.com/w/cpp/types/is_convertible"><span class="kw596">std::<span class="me2">is_convertible_v</span></span></a><span class="sy1">&lt;</span><a href="http://en.cppreference.com/w/cpp/utility/expected"><span class="kw3536">std::<span class="me2">expected</span></span></a><span class="sy1">&lt;</span>U, G<span class="sy1">&gt;</span><span class="sy3">&amp;</span>, T<span class="sy1">&gt;</span></code> </li>
<li> <code><a href="http://en.cppreference.com/w/cpp/types/is_convertible"><span class="kw596">std::<span class="me2">is_convertible_v</span></span></a><span class="sy1">&lt;</span><a href="http://en.cppreference.com/w/cpp/utility/expected"><span class="kw3536">std::<span class="me2">expected</span></span></a><span class="sy1">&lt;</span>U, G<span class="sy1">&gt;</span>, T<span class="sy1">&gt;</span></code> </li>
<li> <code><a href="http://en.cppreference.com/w/cpp/types/is_convertible"><span class="kw596">std::<span class="me2">is_convertible_v</span></span></a><span class="sy1">&lt;</span><span class="kw4">const</span> <a href="http://en.cppreference.com/w/cpp/utility/expected"><span class="kw3536">std::<span class="me2">expected</span></span></a><span class="sy1">&lt;</span>U, G<span class="sy1">&gt;</span><span class="sy3">&amp;</span>, T<span class="sy1">&gt;</span></code> </li>
<li> <code><a href="http://en.cppreference.com/w/cpp/types/is_convertible"><span class="kw596">std::<span class="me2">is_convertible_v</span></span></a><span class="sy1">&lt;</span><span class="kw4">const</span> <a href="http://en.cppreference.com/w/cpp/utility/expected"><span class="kw3536">std::<span class="me2">expected</span></span></a><span class="sy1">&lt;</span>U, G<span class="sy1">&gt;</span>, T<span class="sy1">&gt;</span></code> </li>
</ul> </li>
<li> <a href="http://en.cppreference.com/w/cpp/utility/expected/unexpected"><span class="kw789">std::<span class="me2">unexpected</span></span></a><span class="sy1">&lt;</span>E<span class="sy1">&gt;</span> is not constructible from any expression of type (possibly <span class="kw4">const</span>) <a href="http://en.cppreference.com/w/cpp/utility/expected"><span class="kw3536">std::<span class="me2">expected</span></span></a><span class="sy1">&lt;</span>U, G<span class="sy1">&gt;</span>, i.e., the following 4 values are all <code>false</code>: <ul>
<li> <code><a href="http://en.cppreference.com/w/cpp/types/is_constructible"><span class="kw528">std::<span class="me2">is_constructible_v</span></span></a><span class="sy1">&lt;</span><a href="http://en.cppreference.com/w/cpp/utility/expected/unexpected"><span class="kw789">std::<span class="me2">unexpected</span></span></a><span class="sy1">&lt;</span>E<span class="sy1">&gt;</span>, <a href="http://en.cppreference.com/w/cpp/utility/expected"><span class="kw3536">std::<span class="me2">expected</span></span></a><span class="sy1">&lt;</span>U, G<span class="sy1">&gt;</span><span class="sy3">&amp;</span></code> </li>
<li> <code><a href="http://en.cppreference.com/w/cpp/types/is_constructible"><span class="kw528">std::<span class="me2">is_constructible_v</span></span></a><span class="sy1">&lt;</span><a href="http://en.cppreference.com/w/cpp/utility/expected/unexpected"><span class="kw789">std::<span class="me2">unexpected</span></span></a><span class="sy1">&lt;</span>E<span class="sy1">&gt;</span>, <a href="http://en.cppreference.com/w/cpp/utility/expected"><span class="kw3536">std::<span class="me2">expected</span></span></a><span class="sy1">&lt;</span>U, G<span class="sy1">&gt;</span></code> </li>
<li> <code><a href="http://en.cppreference.com/w/cpp/types/is_constructible"><span class="kw528">std::<span class="me2">is_constructible_v</span></span></a><span class="sy1">&lt;</span><a href="http://en.cppreference.com/w/cpp/utility/expected/unexpected"><span class="kw789">std::<span class="me2">unexpected</span></span></a><span class="sy1">&lt;</span>E<span class="sy1">&gt;</span>, <span class="kw4">const</span> <a href="http://en.cppreference.com/w/cpp/utility/expected"><span class="kw3536">std::<span class="me2">expected</span></span></a><span class="sy1">&lt;</span>U, G<span class="sy1">&gt;</span><span class="sy3">&amp;</span></code> </li>
<li> <code><a href="http://en.cppreference.com/w/cpp/types/is_constructible"><span class="kw528">std::<span class="me2">is_constructible_v</span></span></a><span class="sy1">&lt;</span><a href="http://en.cppreference.com/w/cpp/utility/expected/unexpected"><span class="kw789">std::<span class="me2">unexpected</span></span></a><span class="sy1">&lt;</span>E<span class="sy1">&gt;</span>, <span class="kw4">const</span> <a href="http://en.cppreference.com/w/cpp/utility/expected"><span class="kw3536">std::<span class="me2">expected</span></span></a><span class="sy1">&lt;</span>U, G<span class="sy1">&gt;</span></code> </li>
</ul> </li>
</ul> </li>
<li> These constructors are <span class="kw1">explicit</span> if <code><a href="http://en.cppreference.com/w/cpp/types/is_convertible"><span class="kw596">std::<span class="me2">is_convertible_v</span></span></a><span class="sy1">&lt;</span>UF, T<span class="sy1">&gt;</span></code> or <code><a href="http://en.cppreference.com/w/cpp/types/is_convertible"><span class="kw596">std::<span class="me2">is_convertible_v</span></span></a><span class="sy1">&lt;</span>GF, E<span class="sy1">&gt;</span></code> is <code>false</code>.</li>
</ul> <span class="t-li">6)</span> Constructs an object that contains an expected value, initialized as if <a href="../../language/direct_initialization.html" title="cpp/language/direct initialization">direct-initializing</a> (but not direct-list-initializing) an object of type <code>T</code> with the expression <code><a href="http://en.cppreference.com/w/cpp/utility/forward"><span class="kw1120">std::<span class="me2">forward</span></span></a><span class="sy1">&lt;</span>U<span class="sy1">&gt;</span><span class="br0">(</span>v<span class="br0">)</span></code>. <p>After construction, <a href="operator_bool.html" title="cpp/utility/expected/operator bool"><code>has_value()</code></a> returns <code>true</code>.</p>
<ul><li> This constructor does not participate in overload resolution unless the following conditions are met: <ul>
<li> <code>T</code> is not (possibly cv-qualified) <span class="kw4">void</span>. </li>
<li> <code><a href="http://en.cppreference.com/w/cpp/types/is_same"><span class="kw592">std::<span class="me2">is_same_v</span></span></a><span class="sy1">&lt;</span><a href="http://en.cppreference.com/w/cpp/types/remove_cvref"><span class="kw2644">std::<span class="me2">remove_cvref_t</span></span></a><span class="sy1">&lt;</span>U<span class="sy1">&gt;</span>, <a href="http://en.cppreference.com/w/cpp/utility/in_place"><span class="kw1083">std::<span class="me2">in_place_t</span></span></a><span class="sy1">&gt;</span></code> is <code>false</code>. </li>
<li> <code><a href="http://en.cppreference.com/w/cpp/types/is_same"><span class="kw592">std::<span class="me2">is_same_v</span></span></a><span class="sy1">&lt;</span>expected, <a href="http://en.cppreference.com/w/cpp/types/remove_cvref"><span class="kw2644">std::<span class="me2">remove_cvref_t</span></span></a><span class="sy1">&lt;</span>U<span class="sy1">&gt;&gt;</span></code> is <code>false</code>. </li>
<li> <code><a href="http://en.cppreference.com/w/cpp/types/is_constructible"><span class="kw528">std::<span class="me2">is_constructible_v</span></span></a><span class="sy1">&lt;</span>T, U<span class="sy1">&gt;</span></code> is <code>true</code>. </li>
<li> <a href="http://en.cppreference.com/w/cpp/types/remove_cvref"><span class="kw2644">std::<span class="me2">remove_cvref_t</span></span></a><span class="sy1">&lt;</span>U<span class="sy1">&gt;</span> is not a specialization of <a href="unexpected.html" title="cpp/utility/expected/unexpected"><code>std::unexpected</code></a>. </li>
<li> If <code>T</code> is (possibly cv-qualified) <span class="kw4">bool</span>, <a href="http://en.cppreference.com/w/cpp/types/remove_cvref"><span class="kw2644">std::<span class="me2">remove_cvref_t</span></span></a><span class="sy1">&lt;</span>U<span class="sy1">&gt;</span> is not a specialization of <a href="../expected.html" title="cpp/utility/expected"><code>std::expected</code></a>.</li>
</ul>
</li></ul> <span class="t-li">7,8)</span> Let <code>GF</code> be <span class="kw4">const</span> G<span class="sy3">&amp;</span> for <span class="t-v">(7)</span> and <code>G</code> for <span class="t-v">(8)</span>. <p>Constructs an object that contains an unexpected value, which is <a href="../../language/direct_initialization.html" title="cpp/language/direct initialization">direct-initialized</a> from <code><a href="http://en.cppreference.com/w/cpp/utility/forward"><span class="kw1120">std::<span class="me2">forward</span></span></a><span class="sy1">&lt;</span>GF<span class="sy1">&gt;</span><span class="br0">(</span>e.<span class="me1">error</span><span class="br0">(</span><span class="br0">)</span><span class="br0">)</span></code>. After construction, <a href="operator_bool.html" title="cpp/utility/expected/operator bool"><code>has_value()</code></a> returns <code>false</code>.</p>
<ul><li> These overloads participate in overload resolution only if <code><a href="http://en.cppreference.com/w/cpp/types/is_constructible"><span class="kw528">std::<span class="me2">is_constructible_v</span></span></a><span class="sy1">&lt;</span>E, GF<span class="sy1">&gt;</span></code> is <code>true</code>.</li></ul> <span class="t-li">9)</span> Constructs an object that contains an expected value, which is <a href="../../language/direct_initialization.html" title="cpp/language/direct initialization">direct-initialized</a> from the arguments <code><a href="http://en.cppreference.com/w/cpp/utility/forward"><span class="kw1120">std::<span class="me2">forward</span></span></a><span class="sy1">&lt;</span>Args<span class="sy1">&gt;</span><span class="br0">(</span>args<span class="br0">)</span>...</code>. <p>After construction, <a href="operator_bool.html" title="cpp/utility/expected/operator bool"><code>has_value()</code></a> returns <code>true</code>.</p>
<ul><li> This overload participates in overload resolution only if <code><a href="http://en.cppreference.com/w/cpp/types/is_constructible"><span class="kw528">std::<span class="me2">is_constructible_v</span></span></a><span class="sy1">&lt;</span>T, Args...<span class="sy1">&gt;</span></code> is <code>true</code>.</li></ul> <span class="t-li">10)</span> Constructs an object that contains an expected value, which is <a href="../../language/direct_initialization.html" title="cpp/language/direct initialization">direct-initialized</a> from the arguments <code>il, <a href="http://en.cppreference.com/w/cpp/utility/forward"><span class="kw1120">std::<span class="me2">forward</span></span></a><span class="sy1">&lt;</span>Args<span class="sy1">&gt;</span><span class="br0">(</span>args<span class="br0">)</span>...</code>. <p>After construction, <a href="operator_bool.html" title="cpp/utility/expected/operator bool"><code>has_value()</code></a> returns <code>true</code>.</p>
<ul><li> This overload participates in overload resolution only if <code><a href="http://en.cppreference.com/w/cpp/types/is_constructible"><span class="kw528">std::<span class="me2">is_constructible_v</span></span></a><span class="sy1">&lt;</span>T, <a href="http://en.cppreference.com/w/cpp/utility/initializer_list"><span class="kw962">std::<span class="me2">initializer_list</span></span></a><span class="sy1">&lt;</span>U<span class="sy1">&gt;</span><span class="sy3">&amp;</span>, Args...<span class="sy1">&gt;</span></code> is <code>true</code>.</li></ul> <div class="t-li1">
<span class="t-li">11)</span> Constructs an object such that after construction, <a href="operator_bool.html" title="cpp/utility/expected/operator bool"><code>has_value()</code></a> returns <code>true</code>.</div> <span class="t-li">12)</span> Constructs an object that contains an unexpected value, which is <a href="../../language/direct_initialization.html" title="cpp/language/direct initialization">direct-initialized</a> from the arguments <code><a href="http://en.cppreference.com/w/cpp/utility/forward"><span class="kw1120">std::<span class="me2">forward</span></span></a><span class="sy1">&lt;</span>Args<span class="sy1">&gt;</span><span class="br0">(</span>args<span class="br0">)</span>...</code>. <p>After construction, <a href="operator_bool.html" title="cpp/utility/expected/operator bool"><code>has_value()</code></a> returns <code>false</code>.</p>
<ul><li> This overload participates in overload resolution only if <code><a href="http://en.cppreference.com/w/cpp/types/is_constructible"><span class="kw528">std::<span class="me2">is_constructible_v</span></span></a><span class="sy1">&lt;</span>E, Args...<span class="sy1">&gt;</span></code> is <code>true</code>.</li></ul> <span class="t-li">13)</span> Constructs an object that contains an unexpected value, which is <a href="../../language/direct_initialization.html" title="cpp/language/direct initialization">direct-initialized</a> from the arguments <code>il, <a href="http://en.cppreference.com/w/cpp/utility/forward"><span class="kw1120">std::<span class="me2">forward</span></span></a><span class="sy1">&lt;</span>Args<span class="sy1">&gt;</span><span class="br0">(</span>args<span class="br0">)</span>...</code>. <p>After construction, <a href="operator_bool.html" title="cpp/utility/expected/operator bool"><code>has_value()</code></a> returns <code>false</code>.</p>
<ul><li> This overload participates in overload resolution only if <code><a href="http://en.cppreference.com/w/cpp/types/is_constructible"><span class="kw528">std::<span class="me2">is_constructible_v</span></span></a><span class="sy1">&lt;</span>E, <a href="http://en.cppreference.com/w/cpp/utility/initializer_list"><span class="kw962">std::<span class="me2">initializer_list</span></span></a><span class="sy1">&lt;</span>U<span class="sy1">&gt;</span><span class="sy3">&amp;</span>, Args...<span class="sy1">&gt;</span></code> is <code>true</code>.</li></ul>  <h3 id="Parameters"> Parameters</h3> <table class="t-par-begin"> <tr class="t-par"> <td> other </td> <td> - </td> <td> another <code>expected</code> object whose contained value is copied </td>
</tr> <tr class="t-par"> <td> e </td> <td> - </td> <td> <a href="unexpected.html" title="cpp/utility/expected/unexpected"><code>std::unexpected</code></a> object whose contained value is copied </td>
</tr> <tr class="t-par"> <td> v </td> <td> - </td> <td> value with which to initialize the contained value </td>
</tr> <tr class="t-par"> <td> args... </td> <td> - </td> <td> arguments with which to initialize the contained value </td>
</tr> <tr class="t-par"> <td> il </td> <td> - </td> <td> initializer list with which to initialize the contained value </td>
</tr>
</table> <h3 id="Exceptions"> Exceptions</h3> <div class="t-li1">
<span class="t-li">1)</span> Throws any exception thrown by the constructor of <code>T</code>. If <code>T</code> is (possibly cv-qualified) <code>void</code>, <div class="t-noexcept-inline">
<a href="../../language/noexcept_spec.html" title="cpp/language/noexcept spec"><code>noexcept</code></a> specification: <div class="t-noexcept-box"><span class="t-cc"><code>noexcept</code></span></div> </div>
</div> <div class="t-li1">
<span class="t-li">2)</span> Throws any exception thrown by the constructor of <code>T</code> or <code>E</code>.</div> <div class="t-li1">
<span class="t-li">3)</span> If <code>T</code> is (possibly cv-qualified) <code>void</code>, <div class="t-noexcept-full">
<a href="../../language/noexcept_spec.html" title="cpp/language/noexcept spec"><code>noexcept</code></a> specification: <div class="t-noexcept-box"><span class="t-cc"><code><span class="kw1">noexcept</span><span class="br0">(</span><a href="http://en.cppreference.com/w/cpp/types/is_move_constructible"><span class="kw550">std::<span class="me2">is_nothrow_move_constructible_v</span></span></a><span class="sy1">&lt;</span>E<span class="sy1">&gt;</span><span class="br0">)</span></code></span></div>
</div> Otherwise, <div class="t-noexcept-full">
<a href="../../language/noexcept_spec.html" title="cpp/language/noexcept spec"><code>noexcept</code></a> specification: <div class="t-noexcept-box"><span class="t-cc"><code><span class="kw1">noexcept</span><span class="br0">(</span><a href="http://en.cppreference.com/w/cpp/types/is_move_constructible"><span class="kw550">std::<span class="me2">is_nothrow_move_constructible_v</span></span></a><span class="sy1">&lt;</span>T<span class="sy1">&gt;</span><br> <span class="sy3">&amp;&amp;</span> <a href="http://en.cppreference.com/w/cpp/types/is_move_constructible"><span class="kw550">std::<span class="me2">is_nothrow_move_constructible_v</span></span></a><span class="sy1">&lt;</span>E<span class="sy1">&gt;</span><span class="br0">)</span></code></span></div>
</div>
</div> <div class="t-li1">
<span class="t-li">4,5)</span> Throws any exception thrown by the constructor of <code>T</code> or <code>E</code>.</div> <div class="t-li1">
<span class="t-li">6)</span> Throws any exception thrown by the constructor of <code>T</code>.</div> <div class="t-li1">
<span class="t-li">7,8)</span> Throws any exception thrown by the constructor of <code>E</code>.</div> <div class="t-li1">
<span class="t-li">9,10)</span> Throws any exception thrown by the constructor of <code>T</code>.</div> <div class="t-li1">
<span class="t-li">12,13)</span> Throws any exception thrown by the constructor of <code>E</code>.</div> <h3 id="Example"> Example</h3>  <h3 id="See_also"> See also</h3> <table class="t-dsc-begin"> <tr class="t-dsc"> <td> <div><a href="unexpected.html" title="cpp/utility/expected/unexpected"> <span class="t-lines"><span>unexpected</span></span></a></div>
<div><span class="t-lines"><span><span class="t-mark-rev t-since-cxx23">(C++23)</span></span></span></div> </td> <td> represented as an unexpected value <br> <span class="t-mark">(class template)</span>  </td>
</tr> <tr class="t-dsc"> <td> <div><a href="../in_place.html" title="cpp/utility/in place"> <span class="t-lines"><span>in_place</span><span>in_place_type</span><span>in_place_index</span><span>in_place_t</span><span>in_place_type_t</span><span>in_place_index_t</span></span></a></div>
<div><span class="t-lines"><span><span class="t-mark-rev t-since-cxx17">(C++17)</span></span></span></div> </td> <td> in-place construction tag<br><span class="t-mark">(tag)</span> </td>
</tr> <tr class="t-dsc"> <td> <div><a href="unexpect_t.html" title="cpp/utility/expected/unexpect t"> <span class="t-lines"><span>unexpect</span><span>unexpect_t</span></span></a></div>
<div><span class="t-lines"><span><span class="t-mark-rev t-since-cxx23">(C++23)</span></span></span></div> </td> <td> in-place construction tag for unexpected value in <code>expected</code><br><span class="t-mark">(tag)</span> </td>
</tr> </table>           <div class="_attribution">
  <p class="_attribution-p">
    &copy; cppreference.com<br>Licensed under the Creative Commons Attribution-ShareAlike Unported License v3.0.<br>
    <a href="https://en.cppreference.com/w/cpp/utility/expected/expected" class="_attribution-link">https://en.cppreference.com/w/cpp/utility/expected/expected</a>
  </p>
</div>
