    <h1 id="firstHeading" class="firstHeading">operator==<small>(std::expected)</small>
</h1>            <table class="t-dcl-begin"> <tr class="t-dcl t-since-cxx23"> <td> <pre data-language="cpp">template&lt; class T2, class E2 &gt;
  requires (!std::is_void_v&lt;T2&gt;)
friend constexpr bool operator==( const expected&amp; lhs,
                                  const std::expected&lt;T2, E2&gt;&amp; rhs );</pre>
</td> <td> (1) </td> <td> <span class="t-mark-rev t-since-cxx23">(since C++23)</span> <br><span class="t-mark">(T is not <i>cv</i> void)</span> </td> </tr> <tr class="t-dcl t-since-cxx23"> <td> <pre data-language="cpp">template&lt; class T2, class E2 &gt;
  requires std::is_void_v&lt;T2&gt;
friend constexpr bool operator==( const expected&amp; lhs,
                                  const std::expected&lt;T2, E2&gt;&amp; rhs );</pre>
</td> <td> (2) </td> <td> <span class="t-mark-rev t-since-cxx23">(since C++23)</span> <br><span class="t-mark">(T is <i>cv</i> void)</span> </td> </tr> <tr class="t-dcl t-since-cxx23"> <td> <pre data-language="cpp">template&lt; class T2 &gt;
friend constexpr bool operator==( const expected&amp; x, const T2&amp; val );</pre>
</td> <td> (3) </td> <td> <span class="t-mark-rev t-since-cxx23">(since C++23)</span> <br><span class="t-mark">(T is not <i>cv</i> void)</span> </td> </tr> <tr class="t-dcl t-since-cxx23"> <td> <pre data-language="cpp">template&lt; class E2 &gt;
friend constexpr bool operator==( const expected&amp; x,
                                  const unexpected&lt;E2&gt;&amp; e );</pre>
</td> <td> (4) </td> <td> <span class="t-mark-rev t-since-cxx23">(since C++23)</span> </td> </tr>  </table> <p>Performs comparison operations on <code>expected</code> objects.</p>
<span class="t-li">1,2)</span> Compares two <code>expected</code> objects. The objects compare equal if and only if <code>lhs.has_value()</code> and <code>rhs.has_value()</code> are equal, and the contained values are equal. <ul>
<li> For overload <span class="t-v">(1)</span>, if the expressions <code>*lhs == *rhs</code> and <code>lhs.error() == rhs.error()</code> are not well-formed, or if their results are not convertible to <code>bool</code>, the program is ill-formed. </li>
<li> For overload <span class="t-v">(2)</span>, if the expressions <code>lhs.error() == rhs.error()</code> is not well-formed, or if its result is not convertible to <code>bool</code>, the program is ill-formed.</li>
</ul> <span class="t-li">3)</span> Compares <code>expected</code> object with a value. The objects compare equal if and only if <code>x</code> contains an expected value, and the contained value is equal to <code>val</code>. <ul><li> If the expression <code>*x == val</code> is not well-formed, or if its result is not convertible to <code>bool</code>, the program is ill-formed.</li></ul> <span class="t-li">4)</span> Compares <code>expected</code> object with an unexpected value. The objects compare equal if and only if <code>x</code> contains an unexpected value, and the contained value is equal to <code>e.error()</code>. <ul><li> If the expression <code>x.error() == e.error()</code> is not well-formed, or if its result is not convertible to <code>bool</code>, the program is ill-formed.</li></ul> <p>These functions are not visible to ordinary <a href="../../language/unqualified_lookup.html" title="cpp/language/unqualified lookup">unqualified</a> or <a href="../../language/qualified_lookup.html" title="cpp/language/qualified lookup">qualified lookup</a>, and can only be found by <a href="../../language/adl.html" title="cpp/language/adl">argument-dependent lookup</a> when <code>std::expected&lt;T, E&gt;</code> is an associated class of the arguments.</p>
<p>The <code>!=</code> operator is <a href="../../language/default_comparisons.html#Other_defaulted_comparison_operators" title="cpp/language/default comparisons">synthesized</a> from <code>operator==</code>.</p>
<h3 id="Parameters"> Parameters</h3> <table class="t-par-begin"> <tr class="t-par"> <td> lhs, rhs, x </td> <td> - </td> <td> <code>expected</code> object to compare </td>
</tr> <tr class="t-par"> <td> val </td> <td> - </td> <td> value to compare to the expected value contained in <code>x</code> </td>
</tr> <tr class="t-par"> <td> e </td> <td> - </td> <td> value to compare to the unexpected value contained in <code>x</code> </td>
</tr>
</table> <h3 id="Return_value"> Return value</h3> <div class="t-li1">
<span class="t-li">1)</span> If <code>lhs.has_value() != rhs.has_value()</code>, returns <code>false</code>. Otherwise, if <code>lhs.has_value()</code> is true, returns <code>*lhs == *rhs</code>. Otherwise, returns <code>lhs.error() == rhs.error()</code>.</div> <div class="t-li1">
<span class="t-li">2)</span> If <code>lhs.has_value() != rhs.has_value()</code>, returns <code>false</code>. Otherwise, if <code>lhs.has_value()</code> is true, returns <code>true</code>. Otherwise, returns <code>lhs.error() == rhs.error()</code>.</div> <div class="t-li1">
<span class="t-li">3)</span> Returns <code>x.has_value() &amp;&amp; static_cast&lt;bool&gt;(*x == val)</code>.</div> <div class="t-li1">
<span class="t-li">4)</span> Returns <code>!x.has_value() &amp;&amp; static_cast&lt;bool&gt;(x.error() == e.error())</code>.</div> <h3 id="Exceptions"> Exceptions</h3> <p>Throws when and what the comparison throws.</p>
<h3 id="Example"> Example</h3>  <h3 id="See_also"> See also</h3> <table class="t-dsc-begin"> <tr class="t-dsc"> <td> <div><a href="unexpected.html" title="cpp/utility/expected/unexpected"> <span class="t-lines"><span>unexpected</span></span></a></div>
<div><span class="t-lines"><span><span class="t-mark-rev t-since-cxx23">(C++23)</span></span></span></div> </td> <td> represented as an unexpected value <br> <span class="t-mark">(class template)</span>  </td>
</tr> </table>           <div class="_attribution">
  <p class="_attribution-p">
    &copy; cppreference.com<br>Licensed under the Creative Commons Attribution-ShareAlike Unported License v3.0.<br>
    <a href="https://en.cppreference.com/w/cpp/utility/expected/operator_cmp" class="_attribution-link">https://en.cppreference.com/w/cpp/utility/expected/operator_cmp</a>
  </p>
</div>
