    <h1 id="firstHeading" class="firstHeading">std::expected&lt;T,E&gt;::operator-&gt;, std::expected&lt;T,E&gt;::operator*</h1>            <table class="t-dcl-begin"> <tr class="t-dcl-h"> <td> T is not <i>cv</i> void</td> <td></td> <td></td> </tr> <tr class="t-dcl t-since-cxx23"> <td> <pre data-language="cpp">constexpr const T* operator-&gt;() const noexcept;</pre>
</td> <td> (1) </td> <td> <span class="t-mark-rev t-since-cxx23">(since C++23)</span> </td> </tr> <tr class="t-dcl t-since-cxx23"> <td> <pre data-language="cpp">constexpr T* operator-&gt;() noexcept;</pre>
</td> <td> (1) </td> <td> <span class="t-mark-rev t-since-cxx23">(since C++23)</span> </td> </tr> <tr class="t-dcl t-since-cxx23"> <td> <pre data-language="cpp">constexpr const T&amp; operator*() const&amp; noexcept;</pre>
</td> <td> (2) </td> <td> <span class="t-mark-rev t-since-cxx23">(since C++23)</span> </td> </tr> <tr class="t-dcl t-since-cxx23"> <td> <pre data-language="cpp">constexpr T&amp; operator*() &amp; noexcept;</pre>
</td> <td> (2) </td> <td> <span class="t-mark-rev t-since-cxx23">(since C++23)</span> </td> </tr> <tr class="t-dcl t-since-cxx23"> <td> <pre data-language="cpp">constexpr const T&amp;&amp; operator*() const&amp;&amp; noexcept;</pre>
</td> <td> (2) </td> <td> <span class="t-mark-rev t-since-cxx23">(since C++23)</span> </td> </tr> <tr class="t-dcl t-since-cxx23"> <td> <pre data-language="cpp">constexpr T&amp;&amp; operator*() &amp;&amp; noexcept;</pre>
</td> <td> (2) </td> <td> <span class="t-mark-rev t-since-cxx23">(since C++23)</span> </td> </tr> <tr class="t-dcl-h"> <td> T is <i>cv</i> void</td> <td></td> <td></td> </tr> <tr class="t-dcl t-since-cxx23"> <td> <pre data-language="cpp">constexpr void operator*() const noexcept;</pre>
</td> <td> (3) </td> <td> <span class="t-mark-rev t-since-cxx23">(since C++23)</span> </td> </tr>  </table> <p>Accesses the expected value contained in <code>*this</code>.</p>
<div class="t-li1">
<span class="t-li">1)</span> Returns a pointer to the contained value.</div> <div class="t-li1">
<span class="t-li">2)</span> Returns a reference to the contained value.</div> <div class="t-li1">
<span class="t-li">3)</span> Returns nothing.</div> <p>The behavior is undefined if <code>this-&gt;<a href="operator_bool.html" title="cpp/utility/expected/operator bool">has_value</a>()</code> is <span class="kw2">false</span>.</p>
<h3 id="Parameters"> Parameters</h3> <p>(none)</p>
<h3 id="Return_value"> Return value</h3> <p>Pointer or reference to the contained value.</p>
<h3 id="Notes"> Notes</h3> <p>These operators do not check whether the optional contains a value! You can do so manually by using <code>has_value()</code> or simply <code>operator bool()</code>. Alternatively, if checked access is needed, <code>value()</code> or <code>value_or()</code> may be used.</p>
<h3 id="Example"> Example</h3> <div class="t-example"> <div class="cpp source-cpp"><pre data-language="cpp">#include &lt;cassert&gt;
#include &lt;expected&gt;
#include &lt;iomanip&gt;
#include &lt;iostream&gt;
#include &lt;string&gt;
 
int main()
{
    using namespace std::string_literals;
 
    std::expected&lt;int, std::string&gt; ex1 = 6;
    assert(*ex1 == 6);
 
    *ex1 = 9;
    assert(*ex1 == 9);
 
    ex1 = std::unexpected("error"s);
    // *ex1 = 13 // UB, ex1 contains "unexpected" value
    assert(ex1.value_or(42) == 42);
 
    std::expected&lt;std::string, bool&gt; ex2 = "Moon"s;
    std::cout &lt;&lt; "ex2: " &lt;&lt; std::quoted(*ex2) &lt;&lt; ", size: " &lt;&lt; ex2-&gt;size() &lt;&lt; '\n';
 
    // You can "take" the contained value by calling operator* on an rvalue to expected
 
    auto taken = *std::move(ex2);
    std::cout &lt;&lt; "taken: " &lt;&lt; std::quoted(taken) &lt;&lt; "\n"
                 "ex2: " &lt;&lt; std::quoted(*ex2) &lt;&lt; ", size: " &lt;&lt; ex2-&gt;size() &lt;&lt; '\n';
}</pre></div> <p>Possible output:</p>
<div class="text source-text"><pre data-language="c">ex2: "Moon", size: 4
taken: "Moon"
ex2: "", size: 0</pre></div> </div> <h3 id="See_also"> See also</h3> <table class="t-dsc-begin"> <tr class="t-dsc"> <td> <div><a href="value.html" title="cpp/utility/expected/value"> <span class="t-lines"><span>value</span></span></a></div> </td> <td> returns the expected value <br> <span class="t-mark">(public member function)</span>  </td>
</tr> <tr class="t-dsc"> <td> <div><a href="value_or.html" title="cpp/utility/expected/value or"> <span class="t-lines"><span>value_or</span></span></a></div> </td> <td> returns the expected value if present, another value otherwise <br> <span class="t-mark">(public member function)</span>  </td>
</tr> <tr class="t-dsc"> <td> <div><a href="operator_bool.html" title="cpp/utility/expected/operator bool"> <span class="t-lines"><span>operator bool</span><span>has_value</span></span></a></div> </td> <td> checks whether the object contains an expected value <br> <span class="t-mark">(public member function)</span>  </td>
</tr> <tr class="t-dsc"> <td> <div><a href="error.html" title="cpp/utility/expected/error"> <span class="t-lines"><span>error</span></span></a></div> </td> <td> returns the unexpected value <br> <span class="t-mark">(public member function)</span>  </td>
</tr> </table>           <div class="_attribution">
  <p class="_attribution-p">
    &copy; cppreference.com<br>Licensed under the Creative Commons Attribution-ShareAlike Unported License v3.0.<br>
    <a href="https://en.cppreference.com/w/cpp/utility/expected/operator*" class="_attribution-link">https://en.cppreference.com/w/cpp/utility/expected/operator*</a>
  </p>
</div>
