    <h1 id="firstHeading" class="firstHeading">std::expected&lt;T,E&gt;::or_else</h1>            <table class="t-dcl-begin"> <tr class="t-dcl t-since-cxx23"> <td> <pre data-language="cpp">template&lt; class F &gt;
constexpr auto or_else( F&amp;&amp; f ) &amp;;</pre>
</td> <td> (1) </td> <td> <span class="t-mark-rev t-since-cxx23">(since C++23)</span> </td> </tr> <tr class="t-dcl t-since-cxx23"> <td> <pre data-language="cpp">template&lt; class F &gt;
constexpr auto or_else( F&amp;&amp; f ) const&amp;;</pre>
</td> <td> (2) </td> <td> <span class="t-mark-rev t-since-cxx23">(since C++23)</span> </td> </tr> <tr class="t-dcl t-since-cxx23"> <td> <pre data-language="cpp">template&lt; class F &gt;
constexpr auto or_else( F&amp;&amp; f ) &amp;&amp;;</pre>
</td> <td> (3) </td> <td> <span class="t-mark-rev t-since-cxx23">(since C++23)</span> </td> </tr> <tr class="t-dcl t-since-cxx23"> <td> <pre data-language="cpp">template&lt; class F &gt;
constexpr auto or_else( F&amp;&amp; f ) const&amp;&amp;;</pre>
</td> <td> (4) </td> <td> <span class="t-mark-rev t-since-cxx23">(since C++23)</span> </td> </tr>  </table> <p>If <code>*this</code> contains an unexpected value, invokes <code>f</code> with the argument <a href="error.html" title="cpp/utility/expected/error"><code>error()</code></a> and returns its result; otherwise, returns a <code>std::expected</code> object that contains a copy of the contained expected value (obtained from <a href="operator*.html" title="cpp/utility/expected/operator*"><code>operator*</code></a>).</p>
<div class="t-li1">
<span class="t-li">1,2)</span> Given type <code>G</code> as <code><a href="http://en.cppreference.com/w/cpp/types/remove_cvref"><span class="kw2644">std::<span class="me2">remove_cvref_t</span></span></a><span class="sy1">&lt;</span><a href="http://en.cppreference.com/w/cpp/types/result_of"><span class="kw3219">std::<span class="me2">invoke_result_t</span></span></a><span class="sy1">&lt;</span>F, decltype<span class="br0">(</span>error<span class="br0">(</span><span class="br0">)</span><span class="br0">)</span><span class="sy1">&gt;&gt;</span></code>.</div> <div class="t-li1">
 If <code>G</code> is not a specialization of <code>std::expected</code>, or <code><a href="http://en.cppreference.com/w/cpp/types/is_same"><span class="kw592">std::<span class="me2">is_same_v</span></span></a><span class="sy1">&lt;</span>G<span class="sy4">::</span><span class="me2">value_type</span>, T<span class="sy1">&gt;</span></code> is <code>false</code>, the program is ill-formed.</div> <div class="t-li1">
 The effect is equivalent to <div class="cpp source-cpp"><pre data-language="cpp">if (has_value())
{
    if constexpr (std::is_void_v&lt;T&gt;)
        return G();
    else
        return G(std::in_place, **this);
}
else
    return std::invoke(std::forward&lt;F&gt;(f), error());</pre></div>
</div> <div class="t-li1">
 These overloads participate in overload resolution only if <code><a href="http://en.cppreference.com/w/cpp/types/is_void"><span class="kw458">std::<span class="me2">is_void_v</span></span></a><span class="sy1">&lt;</span>T<span class="sy1">&gt;</span></code> or <code><a href="http://en.cppreference.com/w/cpp/types/is_constructible"><span class="kw528">std::<span class="me2">is_constructible_v</span></span></a><span class="sy1">&lt;</span>T, decltype<span class="br0">(</span><span class="sy2">**</span>this<span class="br0">)</span><span class="sy1">&gt;</span></code> is <code>true</code>.</div> <div class="t-li1">
<span class="t-li">3,4)</span> Given type <code>G</code> as <code><a href="http://en.cppreference.com/w/cpp/types/remove_cvref"><span class="kw2644">std::<span class="me2">remove_cvref_t</span></span></a><span class="sy1">&lt;</span><a href="http://en.cppreference.com/w/cpp/types/result_of"><span class="kw3219">std::<span class="me2">invoke_result_t</span></span></a><span class="sy1">&lt;</span>F, decltype<span class="br0">(</span>std<span class="sy4">::</span><span class="me2">move</span><span class="br0">(</span>error<span class="br0">(</span><span class="br0">)</span><span class="br0">)</span><span class="br0">)</span><span class="sy1">&gt;&gt;</span></code>.</div> <div class="t-li1">
 If <code>G</code> is not a specialization of <code>std::expected</code>, or <code><a href="http://en.cppreference.com/w/cpp/types/is_same"><span class="kw592">std::<span class="me2">is_same_v</span></span></a><span class="sy1">&lt;</span>G<span class="sy4">::</span><span class="me2">value_type</span>, T<span class="sy1">&gt;</span></code> is <code>false</code>, the program is ill-formed.</div> <div class="t-li1">
 The effect is equivalent to <div class="cpp source-cpp"><pre data-language="cpp">if (has_value())
{
    if constexpr (std::is_void_v&lt;T&gt;)
        return G();
    else
        return G(std::in_place, std::move(**this));
}
else
    return std::invoke(std::forward&lt;F&gt;(f), std::move(error()));</pre></div>
</div> <div class="t-li1">
 These overloads participate in overload resolution only if <code><a href="http://en.cppreference.com/w/cpp/types/is_void"><span class="kw458">std::<span class="me2">is_void_v</span></span></a><span class="sy1">&lt;</span>T<span class="sy1">&gt;</span></code> or <code><a href="http://en.cppreference.com/w/cpp/types/is_constructible"><span class="kw528">std::<span class="me2">is_constructible_v</span></span></a><span class="sy1">&lt;</span>T, decltype<span class="br0">(</span>std<span class="sy4">::</span><span class="me2">move</span><span class="br0">(</span><span class="sy2">**</span>this<span class="br0">)</span><span class="br0">)</span><span class="sy1">&gt;</span></code> is <code>true</code>.</div>  <h3 id="Parameters"> Parameters</h3> <table class="t-par-begin"> <tr class="t-par"> <td> f </td> <td> - </td> <td> a suitable function or <a href="../../named_req/callable.html" title="cpp/named req/Callable">Callable</a> object that returns a <code>std::expected</code> </td>
</tr>
</table> <h3 id="Return_value"> Return value</h3> <p>The result of <code>f</code>, or a <code>std::expected</code> object that contains a copy of the expected value, as described above.</p>
<h3 id="Notes"> Notes</h3> <table class="wikitable ftm-begin ftm-has-value"> <tr> <th>
<a href="../feature_test.html" title="cpp/utility/feature test">Feature-test</a> macro</th> <th>Value</th> <th><span title="Standard in which the feature is introduced">Std</span></th> <th>Feature </th>
</tr> <tr> <td><a href="../../feature_test.html#cpp_lib_expected" title="cpp/feature test"><code>__cpp_lib_expected</code></a></td> <td><span class="nu0">202211L</span></td> <td><span class="t-mark">(C++23)</span></td> <td>Monadic functions for <code>std::expected</code> </td>
</tr>
</table> <h3 id="Example"> Example</h3>  <h3 id="Defect_reports"> Defect reports</h3> <p>The following behavior-changing defect reports were applied retroactively to previously published C++ standards.</p>
<table class="dsctable"> <tr> <th>DR </th> <th>Applied to </th> <th>Behavior as published </th> <th>Correct behavior </th>
</tr> <tr> <td>
<a rel="nofollow" class="external text" href="https://cplusplus.github.io/LWG/issue3938">LWG 3938</a> </td> <td>C++23 </td> <td>
<code>or_else</code> was ill-formed if <code>T</code> is not (possibly<br>cv-qualified) <span class="kw4">void</span> and <code>E</code> is not copyable </td> <td>made well-formed </td>
</tr>
</table> <h3 id="See_also"> See also</h3> <table class="t-dsc-begin"> <tr class="t-dsc"> <td> <div><a href="transform_error.html" title="cpp/utility/expected/transform error"> <span class="t-lines"><span>transform_error</span></span></a></div> </td> <td> returns the <code>expected</code> itself if it contains an expected value; otherwise, returns an <code>expected</code> containing the transformed unexpected value <br> <span class="t-mark">(public member function)</span>  </td>
</tr> </table>           <div class="_attribution">
  <p class="_attribution-p">
    &copy; cppreference.com<br>Licensed under the Creative Commons Attribution-ShareAlike Unported License v3.0.<br>
    <a href="https://en.cppreference.com/w/cpp/utility/expected/or_else" class="_attribution-link">https://en.cppreference.com/w/cpp/utility/expected/or_else</a>
  </p>
</div>
