    <h1 id="firstHeading" class="firstHeading">std::expected&lt;T,E&gt;::transform_error</h1>            <table class="t-dcl-begin"> <tr class="t-dcl t-since-cxx23"> <td> <pre data-language="cpp">template&lt; class F &gt;
constexpr auto transform_error( F&amp;&amp; f ) &amp;;</pre>
</td> <td> (1) </td> <td> <span class="t-mark-rev t-since-cxx23">(since C++23)</span> </td> </tr> <tr class="t-dcl t-since-cxx23"> <td> <pre data-language="cpp">template&lt; class F &gt;
constexpr auto transform_error( F&amp;&amp; f ) const&amp;;</pre>
</td> <td> (2) </td> <td> <span class="t-mark-rev t-since-cxx23">(since C++23)</span> </td> </tr> <tr class="t-dcl t-since-cxx23"> <td> <pre data-language="cpp">template&lt; class F &gt;
constexpr auto transform_error( F&amp;&amp; f ) &amp;&amp;;</pre>
</td> <td> (3) </td> <td> <span class="t-mark-rev t-since-cxx23">(since C++23)</span> </td> </tr> <tr class="t-dcl t-since-cxx23"> <td> <pre data-language="cpp">template&lt; class F &gt;
constexpr auto transform_error( F&amp;&amp; f ) const&amp;&amp;;</pre>
</td> <td> (4) </td> <td> <span class="t-mark-rev t-since-cxx23">(since C++23)</span> </td> </tr>  </table> <p>If <code>*this</code> contains an error value, invokes <code>f</code> with the argument <a href="error.html" title="cpp/utility/expected/error"><code>error()</code></a> and returns a <code>std::expected</code> object that contains its result; otherwise, returns a <code>std::expected</code> object that contains a copy of the contained expected value (obtained from <a href="operator*.html" title="cpp/utility/expected/operator*"><code>operator*</code></a>).</p>
<div class="t-li1">
<span class="t-li">1,2)</span> Given type <code>G</code> as <code><a href="http://en.cppreference.com/w/cpp/types/remove_cv"><span class="kw600">std::<span class="me2">remove_cv_t</span></span></a><span class="sy1">&lt;</span><a href="http://en.cppreference.com/w/cpp/types/result_of"><span class="kw3219">std::<span class="me2">invoke_result_t</span></span></a><span class="sy1">&lt;</span>F, decltype<span class="br0">(</span>error<span class="br0">(</span><span class="br0">)</span><span class="br0">)</span><span class="sy1">&gt;&gt;</span></code>.</div> <div class="t-li1">
 If <code>G</code> is not a valid template argument for <a href="unexpected.html" title="cpp/utility/expected/unexpected"><code>std::unexpected</code></a>, or <code>G g<span class="br0">(</span><a href="http://en.cppreference.com/w/cpp/utility/functional/invoke"><span class="kw1063">std::<span class="me2">invoke</span></span></a><span class="br0">(</span><a href="http://en.cppreference.com/w/cpp/utility/forward"><span class="kw1120">std::<span class="me2">forward</span></span></a><span class="sy1">&lt;</span>F<span class="sy1">&gt;</span><span class="br0">(</span>f<span class="br0">)</span>, error<span class="br0">(</span><span class="br0">)</span><span class="br0">)</span><span class="br0">)</span><span class="sy4">;</span></code> is ill-formed, the program is ill-formed.</div> <div class="t-li1">
 The effect is equivalent to <div class="cpp source-cpp"><pre data-language="cpp">if (has_value())
{
    if (std::is_void_v&lt;T&gt;)
        return std::expected&lt;T, G&gt;();
    else
        return std::expected&lt;T, G&gt;(std::in_place, **this);
}
else
    // the returned std::expected object contains an unexpected value,
    // which is direct-non-list-initialized with
    // std::invoke(std::forward&lt;F&gt;(f), error())
    return /* an std::expected&lt;T, G&gt; object */;</pre></div>
</div> <div class="t-li1">
 These overloads participate in overload resolution only if <code><a href="http://en.cppreference.com/w/cpp/types/is_void"><span class="kw458">std::<span class="me2">is_void_v</span></span></a><span class="sy1">&lt;</span>T<span class="sy1">&gt;</span></code> or <code><a href="http://en.cppreference.com/w/cpp/types/is_constructible"><span class="kw528">std::<span class="me2">is_constructible_v</span></span></a><span class="sy1">&lt;</span>T, decltype<span class="br0">(</span><span class="sy2">**</span>this<span class="br0">)</span><span class="sy1">&gt;</span></code> is <code>true</code>.</div> <div class="t-li1">
<span class="t-li">3,4)</span> Given type <code>G</code> as <code><a href="http://en.cppreference.com/w/cpp/types/remove_cv"><span class="kw600">std::<span class="me2">remove_cv_t</span></span></a><span class="sy1">&lt;</span><a href="http://en.cppreference.com/w/cpp/types/result_of"><span class="kw3219">std::<span class="me2">invoke_result_t</span></span></a><span class="sy1">&lt;</span>F, decltype<span class="br0">(</span>std<span class="sy4">::</span><span class="me2">move</span><span class="br0">(</span>error<span class="br0">(</span><span class="br0">)</span><span class="br0">)</span><span class="br0">)</span><span class="sy1">&gt;&gt;</span></code>.</div> <div class="t-li1">
 If <code>G</code> is not a valid template argument for <a href="unexpected.html" title="cpp/utility/expected/unexpected"><code>std::unexpected</code></a>, or <code>G g<span class="br0">(</span><a href="http://en.cppreference.com/w/cpp/utility/functional/invoke"><span class="kw1063">std::<span class="me2">invoke</span></span></a><span class="br0">(</span><a href="http://en.cppreference.com/w/cpp/utility/forward"><span class="kw1120">std::<span class="me2">forward</span></span></a><span class="sy1">&lt;</span>F<span class="sy1">&gt;</span><span class="br0">(</span>f<span class="br0">)</span>, std<span class="sy4">::</span><span class="me2">move</span><span class="br0">(</span>error<span class="br0">(</span><span class="br0">)</span><span class="br0">)</span><span class="br0">)</span><span class="br0">)</span><span class="sy4">;</span></code> is ill-formed, the program is ill-formed.</div> <div class="t-li1">
 The effect is equivalent to <div class="cpp source-cpp"><pre data-language="cpp">if (has_value())
{
    if (std::is_void_v&lt;T&gt;)
        return std::expected&lt;T, G&gt;();
    else
        return std::expected&lt;T, G&gt;(std::in_place, std::move(**this));
}
else
    // the returned std::expected object contains an unexpected value,
    // which is direct-non-list-initialized with
    // std::invoke(std::forward&lt;F&gt;(f), std::move(error()))
    return /* an std::expected&lt;T, G&gt; object */;</pre></div> These overloads participate in overload resolution only if <code><a href="http://en.cppreference.com/w/cpp/types/is_void"><span class="kw458">std::<span class="me2">is_void_v</span></span></a><span class="sy1">&lt;</span>T<span class="sy1">&gt;</span></code> or <code><a href="http://en.cppreference.com/w/cpp/types/is_constructible"><span class="kw528">std::<span class="me2">is_constructible_v</span></span></a><span class="sy1">&lt;</span>T, decltype<span class="br0">(</span>std<span class="sy4">::</span><span class="me2">move</span><span class="br0">(</span><span class="sy2">**</span>this<span class="br0">)</span><span class="br0">)</span><span class="sy1">&gt;</span></code> is <code>true</code>.</div>  <h3 id="Parameters"> Parameters</h3> <table class="t-par-begin"> <tr class="t-par"> <td> f </td> <td> - </td> <td> a suitable function or <a href="../../named_req/callable.html" title="cpp/named req/Callable">Callable</a> object whose call signature returns a non-reference type </td>
</tr>
</table> <h3 id="Return_value"> Return value</h3> <p>A <code>std::expected</code> object containing either the result of <code>f</code> or an expected value, as described above.</p>
<h3 id="Example"> Example</h3>  <h3 id="Defect_reports"> Defect reports</h3> <p>The following behavior-changing defect reports were applied retroactively to previously published C++ standards.</p>
<table class="dsctable"> <tr> <th>DR </th> <th>Applied to </th> <th>Behavior as published </th> <th>Correct behavior </th>
</tr> <tr> <td>
<a rel="nofollow" class="external text" href="https://cplusplus.github.io/LWG/issue3938">LWG 3938</a> </td> <td>C++23 </td> <td>
<code>transform_error</code> was ill-formed if <code>T</code> is not<br>(possibly cv-qualified) <span class="kw4">void</span> and <code>E</code> is not copyable </td> <td>made well-formed </td>
</tr>
</table> <h3 id="See_also"> See also</h3> <table class="t-dsc-begin"> <tr class="t-dsc"> <td> <div><a href="or_else.html" title="cpp/utility/expected/or else"> <span class="t-lines"><span>or_else</span></span></a></div> </td> <td> returns the <code>expected</code> itself if it contains an expected value; otherwise, returns the result of the given function on the unexpected value <br> <span class="t-mark">(public member function)</span>  </td>
</tr> <tr class="t-dsc"> <td> <div><a href="transform.html" title="cpp/utility/expected/transform"> <span class="t-lines"><span>transform</span></span></a></div> </td> <td> returns an <code>expected</code> containing the transformed expected value if it exists; otherwise, returns the <code>expected</code> itself <br> <span class="t-mark">(public member function)</span>  </td>
</tr> </table>           <div class="_attribution">
  <p class="_attribution-p">
    &copy; cppreference.com<br>Licensed under the Creative Commons Attribution-ShareAlike Unported License v3.0.<br>
    <a href="https://en.cppreference.com/w/cpp/utility/expected/transform_error" class="_attribution-link">https://en.cppreference.com/w/cpp/utility/expected/transform_error</a>
  </p>
</div>
