    <h1 id="firstHeading" class="firstHeading">std::unexpect_t, std::unexpect</h1>            <table class="t-dcl-begin"> <tr class="t-dsc-header"> <th> Defined in header <code><a href="../../header/expected.html" title="cpp/header/expected">&lt;expected&gt;</a></code> </th> <th> </th> <th> </th> </tr> <tr class="t-dcl t-since-cxx23"> <td> <pre data-language="cpp">struct unexpect_t {
    explicit unexpect_t() = default;
};</pre>
</td> <td> (1) </td> <td> <span class="t-mark-rev t-since-cxx23">(since C++23)</span> </td> </tr> <tr class="t-dcl t-since-cxx23"> <td> <pre data-language="cpp">inline constexpr unexpect_t unexpect{};</pre>
</td> <td> (2) </td> <td> <span class="t-mark-rev t-since-cxx23">(since C++23)</span> </td> </tr>  </table> <div class="t-li1">
<span class="t-li">1)</span> A tag type for in-place construction of an unexpected value in an <code>std::expected</code> object.</div> <div class="t-li1">
<span class="t-li">2)</span> A constant of type <code>const std::unexpect_t</code> which is usually directly passed to a constructor of <code>std::expected</code> to construct an unexpected value.</div> <h3 id="Notes"> Notes</h3> <p>Like other construction tag types, <code>unexpect_t</code> is a trivial, empty class with an explicit default constructor.</p>
<h3 id="See_also"> See also</h3> <table class="t-dsc-begin"> <tr class="t-dsc"> <td> <div><a href="expected.html" title="cpp/utility/expected/expected"> <span class="t-lines"><span>(constructor)</span></span></a></div> </td> <td> constructs the <code>expected</code> object <br> <span class="t-mark">(public member function)</span>  </td>
</tr> <tr class="t-dsc"> <td> <div><a href="../in_place.html" title="cpp/utility/in place"> <span class="t-lines"><span>in_place</span><span>in_place_type</span><span>in_place_index</span><span>in_place_t</span><span>in_place_type_t</span><span>in_place_index_t</span></span></a></div>
<div><span class="t-lines"><span><span class="t-mark-rev t-since-cxx17">(C++17)</span></span></span></div> </td> <td> in-place construction tag<br><span class="t-mark">(tag)</span> </td>
</tr> </table>           <div class="_attribution">
  <p class="_attribution-p">
    &copy; cppreference.com<br>Licensed under the Creative Commons Attribution-ShareAlike Unported License v3.0.<br>
    <a href="https://en.cppreference.com/w/cpp/utility/expected/unexpect_t" class="_attribution-link">https://en.cppreference.com/w/cpp/utility/expected/unexpect_t</a>
  </p>
</div>
