    <h1 id="firstHeading" class="firstHeading">std::expected&lt;T,E&gt;::value</h1>            <table class="t-dcl-begin"> <tr class="t-dcl-h"> <td> <pre data-language="cpp">void</pre>
</td> <td></td> <td></td> </tr> <tr class="t-dcl t-since-cxx23"> <td> <pre data-language="cpp">constexpr T&amp; value() &amp;;</pre>
</td> <td> (1) </td> <td> <span class="t-mark-rev t-since-cxx23">(since C++23)</span> </td> </tr> <tr class="t-dcl t-since-cxx23"> <td> <pre data-language="cpp">constexpr const T&amp; value() const&amp;;</pre>
</td> <td> (2) </td> <td> <span class="t-mark-rev t-since-cxx23">(since C++23)</span> </td> </tr> <tr class="t-dcl t-since-cxx23"> <td> <pre data-language="cpp">constexpr T&amp;&amp; value() &amp;&amp;;</pre>
</td> <td> (3) </td> <td> <span class="t-mark-rev t-since-cxx23">(since C++23)</span> </td> </tr> <tr class="t-dcl t-since-cxx23"> <td> <pre data-language="cpp">constexpr const T&amp;&amp; value() const&amp;&amp;;</pre>
</td> <td> (4) </td> <td> <span class="t-mark-rev t-since-cxx23">(since C++23)</span> </td> </tr> <tr class="t-dcl-h"> <td> <pre data-language="cpp">void</pre>
</td> <td></td> <td></td> </tr> <tr class="t-dcl t-since-cxx23"> <td> <pre data-language="cpp">constexpr void value() const&amp;;</pre>
</td> <td> (5) </td> <td> <span class="t-mark-rev t-since-cxx23">(since C++23)</span> </td> </tr> <tr class="t-dcl t-since-cxx23"> <td> <pre data-language="cpp">constexpr void value() &amp;&amp;;</pre>
</td> <td> (6) </td> <td> <span class="t-mark-rev t-since-cxx23">(since C++23)</span> </td> </tr>  </table> <p>If <code>*this</code> contains an expected value, returns a reference to the contained value. Returns nothing if <code>T</code> is (possibly cv-qualified) <span class="kw4">void</span>.</p>
<p>Otherwise, throws an exception of type <a href="http://en.cppreference.com/w/cpp/utility/expected/bad_expected_access"><span class="kw3537">std::<span class="me2">bad_expected_access</span></span></a><span class="sy1">&lt;</span><a href="http://en.cppreference.com/w/cpp/types/decay"><span class="kw632">std::<span class="me2">decay_t</span></span></a><span class="sy1">&lt;</span>E<span class="sy1">&gt;&gt;</span> that contains a copy of <a href="error.html" title="cpp/utility/expected/error"><code>error()</code></a>.</p>
<div class="t-li1">
<span class="t-li">1,2)</span> If <code><a href="http://en.cppreference.com/w/cpp/types/is_copy_constructible"><span class="kw540">std::<span class="me2">is_copy_constructible_v</span></span></a><span class="sy1">&lt;</span>E<span class="sy1">&gt;</span></code> is <code>false</code>, the program is ill-formed.</div> <div class="t-li1">
<span class="t-li">3,4)</span> If <code><a href="http://en.cppreference.com/w/cpp/types/is_copy_constructible"><span class="kw540">std::<span class="me2">is_copy_constructible_v</span></span></a><span class="sy1">&lt;</span>E<span class="sy1">&gt;</span></code> or <code><a href="http://en.cppreference.com/w/cpp/types/is_constructible"><span class="kw528">std::<span class="me2">is_constructible_v</span></span></a><span class="sy1">&lt;</span>E, decltype<span class="br0">(</span>std<span class="sy4">::</span><span class="me2">move</span><span class="br0">(</span>error<span class="br0">(</span><span class="br0">)</span><span class="br0">)</span><span class="br0">)</span><span class="sy1">&gt;</span></code> is <code>false</code>, the program is ill-formed.</div> <div class="t-li1">
<span class="t-li">5)</span> If <code><a href="http://en.cppreference.com/w/cpp/types/is_copy_constructible"><span class="kw540">std::<span class="me2">is_copy_constructible_v</span></span></a><span class="sy1">&lt;</span>E<span class="sy1">&gt;</span></code> is <code>false</code>, the program is ill-formed.</div> <div class="t-li1">
<span class="t-li">6)</span> If <code><a href="http://en.cppreference.com/w/cpp/types/is_move_constructible"><span class="kw546">std::<span class="me2">is_move_constructible_v</span></span></a><span class="sy1">&lt;</span>E<span class="sy1">&gt;</span></code> is <code>false</code>, the program is ill-formed.</div>  <h3 id="Parameters"> Parameters</h3> <p>(none)</p>
<h3 id="Return_value"> Return value</h3> <div class="t-li1">
<span class="t-li">1-4)</span> The expected value contained in <code>*this</code>.</div> <div class="t-li1">
<span class="t-li">5,6)</span> (none)</div> <h3 id="Exceptions"> Exceptions</h3> <div class="t-li1">
<span class="t-li">1,2,5)</span> Throws <code><a href="http://en.cppreference.com/w/cpp/utility/expected/bad_expected_access"><span class="kw3537">std::<span class="me2">bad_expected_access</span></span></a><span class="br0">(</span><a href="http://en.cppreference.com/w/cpp/utility/as_const"><span class="kw1124">std::<span class="me2">as_const</span></span></a><span class="br0">(</span>error<span class="br0">(</span><span class="br0">)</span><span class="br0">)</span><span class="br0">)</span></code> if <code>*this</code> contains an unexpected value.</div> <div class="t-li1">
<span class="t-li">3,4,6)</span> Throws <code><a href="http://en.cppreference.com/w/cpp/utility/expected/bad_expected_access"><span class="kw3537">std::<span class="me2">bad_expected_access</span></span></a><span class="br0">(</span>std<span class="sy4">::</span><span class="me2">move</span><span class="br0">(</span>error<span class="br0">(</span><span class="br0">)</span><span class="br0">)</span><span class="br0">)</span></code> if <code>*this</code> contains an unexpected value.</div> <h3 id="Example"> Example</h3>  <h3 id="Defect_reports"> Defect reports</h3> <p>The following behavior-changing defect reports were applied retroactively to previously published C++ standards.</p>
<table class="dsctable"> <tr> <th>DR </th> <th>Applied to </th> <th>Behavior as published </th> <th>Correct behavior </th>
</tr> <tr> <td>
<a rel="nofollow" class="external text" href="https://cplusplus.github.io/LWG/issue3940">LWG 3940</a> </td> <td>C++23 </td> <td>
<code>E</code> was not required to be copy/move-constructible for overloads <span class="t-v">(5,6)</span> </td> <td>required </td>
</tr>
</table> <h3 id="See_also"> See also</h3> <table class="t-dsc-begin"> <tr class="t-dsc"> <td> <div><a href="value_or.html" title="cpp/utility/expected/value or"> <span class="t-lines"><span>value_or</span></span></a></div> </td> <td> returns the expected value if present, another value otherwise <br> <span class="t-mark">(public member function)</span>  </td>
</tr> <tr class="t-dsc"> <td> <div><a href="operator*.html" title="cpp/utility/expected/operator*"> <span class="t-lines"><span>operator-&gt;</span><span>operator*</span></span></a></div> </td> <td> accesses the expected value <br> <span class="t-mark">(public member function)</span>  </td>
</tr> <tr class="t-dsc"> <td> <div><a href="error.html" title="cpp/utility/expected/error"> <span class="t-lines"><span>error</span></span></a></div> </td> <td> returns the unexpected value <br> <span class="t-mark">(public member function)</span>  </td>
</tr> <tr class="t-dsc"> <td> <div><a href="bad_expected_access.html" title="cpp/utility/expected/bad expected access"> <span class="t-lines"><span>bad_expected_access</span></span></a></div>
<div><span class="t-lines"><span><span class="t-mark-rev t-since-cxx23">(C++23)</span></span></span></div> </td> <td> exception indicating checked access to an <code>expected</code> that contains an unexpected value <br> <span class="t-mark">(class template)</span>  </td>
</tr> </table>           <div class="_attribution">
  <p class="_attribution-p">
    &copy; cppreference.com<br>Licensed under the Creative Commons Attribution-ShareAlike Unported License v3.0.<br>
    <a href="https://en.cppreference.com/w/cpp/utility/expected/value" class="_attribution-link">https://en.cppreference.com/w/cpp/utility/expected/value</a>
  </p>
</div>
