    <h1 id="firstHeading" class="firstHeading">std::expected&lt;T,E&gt;::value_or</h1>            <table class="t-dcl-begin"> <tr class="t-dcl t-since-cxx23"> <td> <pre data-language="cpp">template&lt; class U &gt; 
constexpr T value_or( U&amp;&amp; default_value ) const&amp;;</pre>
</td> <td> (1) </td> <td> <span class="t-mark-rev t-since-cxx23">(since C++23)</span> </td> </tr> <tr class="t-dcl t-since-cxx23"> <td> <pre data-language="cpp">template&lt; class U &gt; 
constexpr T value_or( U&amp;&amp; default_value ) &amp;&amp;;</pre>
</td> <td> (2) </td> <td> <span class="t-mark-rev t-since-cxx23">(since C++23)</span> </td> </tr>  </table> <p>Returns the contained value if <code>*this</code> contains an expected value, otherwise returns <code>default_value</code>.</p>
<div class="t-li1">
<span class="t-li">1)</span> Returns <code><span class="kw4">bool</span><span class="br0">(</span><span class="sy2">*</span>this<span class="br0">)</span> <span class="sy4">?</span> <span class="sy2">**</span>this <span class="sy4">:</span> <span class="kw1">static_cast</span><span class="sy1">&lt;</span>T<span class="sy1">&gt;</span><span class="br0">(</span><a href="http://en.cppreference.com/w/cpp/utility/forward"><span class="kw1120">std::<span class="me2">forward</span></span></a><span class="sy1">&lt;</span>U<span class="sy1">&gt;</span><span class="br0">(</span>default_value<span class="br0">)</span><span class="br0">)</span></code>
</div> <div class="t-li1">
<span class="t-li">2)</span> Returns <code><span class="kw4">bool</span><span class="br0">(</span><span class="sy2">*</span>this<span class="br0">)</span> <span class="sy4">?</span> std<span class="sy4">::</span><span class="me2">move</span><span class="br0">(</span><span class="sy2">**</span>this<span class="br0">)</span> <span class="sy4">:</span> <span class="kw1">static_cast</span><span class="sy1">&lt;</span>T<span class="sy1">&gt;</span><span class="br0">(</span><a href="http://en.cppreference.com/w/cpp/utility/forward"><span class="kw1120">std::<span class="me2">forward</span></span></a><span class="sy1">&lt;</span>U<span class="sy1">&gt;</span><span class="br0">(</span>default_value<span class="br0">)</span><span class="br0">)</span></code>
</div>  <h3 id="Parameters"> Parameters</h3> <table class="t-par-begin"> <tr class="t-par"> <td> default_value </td> <td> - </td> <td> the value to use in case <code>*this</code> does not contain an expected value </td>
</tr> <tr class="t-par-hitem"> <td colspan="3"> Type requirements </td>
</tr> <tr class="t-par-req"> <td colspan="3"> -<code>T</code> must meet the requirements of <a href="../../named_req/copyconstructible.html" title="cpp/named req/CopyConstructible">CopyConstructible</a> in order to use overload (1). </td>
</tr> <tr class="t-par-req"> <td colspan="3"> -<code>T</code> must meet the requirements of <a href="../../named_req/moveconstructible.html" title="cpp/named req/MoveConstructible">MoveConstructible</a> in order to use overload (2). </td>
</tr> <tr class="t-par-req"> <td colspan="3"> -<code>U&amp;&amp;</code> must be convertible to <code>T</code> </td>
</tr>
</table> <h3 id="Return_value"> Return value</h3> <p>The currently contained value if <code>*this</code> contains an expected value, or <code>default_value</code> otherwise.</p>
<h3 id="Exceptions"> Exceptions</h3> <p>Any exception thrown by the selected constructor of the return value <code>T</code>.</p>
<h3 id="Notes"> Notes</h3> <p>If <code>T</code> is (possibly cv-qualified) <code>void</code>, this member is not declared.</p>
<h3 id="Example"> Example</h3>  <h3 id="See_also"> See also</h3> <table class="t-dsc-begin"> <tr class="t-dsc"> <td> <div><a href="value.html" title="cpp/utility/expected/value"> <span class="t-lines"><span>value</span></span></a></div> </td> <td> returns the expected value <br> <span class="t-mark">(public member function)</span>  </td>
</tr> </table>           <div class="_attribution">
  <p class="_attribution-p">
    &copy; cppreference.com<br>Licensed under the Creative Commons Attribution-ShareAlike Unported License v3.0.<br>
    <a href="https://en.cppreference.com/w/cpp/utility/expected/value_or" class="_attribution-link">https://en.cppreference.com/w/cpp/utility/expected/value_or</a>
  </p>
</div>
